#-----------------------------------------------------------
# Vivado v2015.4 (64-bit)
# SW Build 1412921 on Wed Nov 18 09:44:32 MST 2015
# IP Build 1412160 on Tue Nov 17 13:47:24 MST 2015
# Start of session at: Tue Apr  4 15:57:00 2017
# Process ID: 5716
# Current directory: /home/tjlw/HWAcceleratedEncryptionEngine/HWAcceleratedEncryptionEngine.tmp/EncryptionEngine_Sandbox_v1_0_v1_0_project/EncryptionEngine_Sandbox_v1_0_v1_0_project.runs/synth_1
# Command line: vivado -log EncryptionEngine_Sandbox_v1_0.vds -mode batch -messageDb vivado.pb -notrace -source EncryptionEngine_Sandbox_v1_0.tcl
# Log file: /home/tjlw/HWAcceleratedEncryptionEngine/HWAcceleratedEncryptionEngine.tmp/EncryptionEngine_Sandbox_v1_0_v1_0_project/EncryptionEngine_Sandbox_v1_0_v1_0_project.runs/synth_1/EncryptionEngine_Sandbox_v1_0.vds
# Journal file: /home/tjlw/HWAcceleratedEncryptionEngine/HWAcceleratedEncryptionEngine.tmp/EncryptionEngine_Sandbox_v1_0_v1_0_project/EncryptionEngine_Sandbox_v1_0_v1_0_project.runs/synth_1/vivado.jou
#-----------------------------------------------------------
source EncryptionEngine_Sandbox_v1_0.tcl -notrace
